ILI9488.cpp:20:1:ILI9488::ILI9488(PortmapIO*, PortmapIO*, PortmapIO*, PortmapSPI*)	24	static
ILI9488.cpp:28:1:ILI9488::ILI9488(PortmapIO*, PortmapIO*, PortmapIO*, PortmapIO*, PortmapIO*)	24	static
ILI9488.cpp:37:6:void ILI9488::begin()	16	static
ILI9488.cpp:129:6:void ILI9488::setAddrWindow(uint16_t, uint16_t, uint16_t, uint16_t)	24	static
ILI9488.cpp:143:6:void ILI9488::setScrollArea(uint16_t, uint16_t)	16	static
ILI9488.cpp:153:6:void ILI9488::scroll(uint16_t)	16	static
ILI9488.cpp:159:7:void ILI9488::pushColor(uint16_t)	16	static
ILI9488.cpp:166:6:void ILI9488::pushColors(uint16_t*, uint8_t, uint8_t)	48	dynamic
ILI9488.cpp:191:6:void ILI9488::drawImage(const uint8_t*, uint16_t, uint16_t, uint16_t, uint16_t)	64	dynamic
ILI9488.cpp:229:6:void ILI9488::fillScreen(uint16_t)	24	static
ILI9488.cpp:233:6:void ILI9488::drawPixel(int16_t, int16_t, uint16_t)	32	static
ILI9488.cpp:245:6:void ILI9488::drawFastVLine(int16_t, int16_t, int16_t, uint16_t)	40	static
ILI9488.cpp:264:6:void ILI9488::drawFastHLine(int16_t, int16_t, int16_t, uint16_t)	32	static
ILI9488.cpp:280:6:void ILI9488::drawLine(int16_t, int16_t, int16_t, int16_t, uint16_t)	40	static
ILI9488.cpp:297:6:void ILI9488::writeLine(int16_t, int16_t, int16_t, int16_t, uint16_t)	48	static
ILI9488.cpp:336:6:void ILI9488::fillRect(int16_t, int16_t, int16_t, int16_t, uint16_t)	40	static
ILI9488.cpp:372:6:void ILI9488::setRotation(uint8_t)	16	static
ILI9488.cpp:401:6:void ILI9488::invertDisplay(uint8_t)	16	static
ILI9488.cpp:407:10:uint16_t ILI9488::color565(uint8_t, uint8_t, uint8_t)	16	static
ILI9488.cpp:411:6:void ILI9488::spiwrite(uint8_t)	24	static
ILI9488.cpp:417:6:void ILI9488::writecommand(uint8_t)	24	static
ILI9488.cpp:433:6:void ILI9488::write16BitColor(uint16_t)	24	static
ILI9488.cpp:456:6:void ILI9488::writedata(uint8_t)	24	static
ILI9488.cpp:470:6:void ILI9488::testLines(uint8_t)	56	static
ILI9488.cpp:521:6:void ILI9488::sendasIO(uint8_t)	24	static
